
> lantern-sdk-workspace@3.0.0 build /home/ubuntu/repos/northgate-lantern-sdk
> ng build lantern-sdk --configuration production

Building Angular Package

------------------------------------------------------------------------------
Building entry point '@northgate/lantern-sdk'
------------------------------------------------------------------------------
- Compiling with Angular sources in Ivy partial compilation mode.
✔ Compiling with Angular sources in Ivy partial compilation mode.
- Generating FESM2020
✔ Generating FESM2020
- Generating FESM2015
✔ Generating FESM2015
- Copying assets
✔ Copying assets
- Writing package manifest
✔ Writing package manifest
✔ Built @northgate/lantern-sdk

------------------------------------------------------------------------------
Built Angular Package
 - from: /home/ubuntu/repos/northgate-lantern-sdk/projects/lantern-sdk
 - to:   /home/ubuntu/repos/northgate-lantern-sdk/dist/lantern-sdk
------------------------------------------------------------------------------

Build at: 2026-09-08T17:13:24.058Z - Time: 3121ms

exit=0
