11464	./esm2020/lib/lantern-router.service.mjs
6711	./esm2020/lib/lantern-session.interceptor.mjs
8113	./esm2020/lib/lantern-track.directive.mjs
4570	./esm2020/lib/lantern.config.mjs
8125	./esm2020/lib/lantern.module.mjs
26047	./esm2020/lib/lantern.service.mjs
4251	./esm2020/lib/lantern.vendor.mjs
524	./esm2020/northgate-lantern-sdk.mjs
1666	./esm2020/public-api.mjs
21853	./fesm2015/northgate-lantern-sdk.mjs
21507	./fesm2020/northgate-lantern-sdk.mjs
127	./index.d.ts
1397	./lib/lantern-router.service.d.ts
1319	./lib/lantern-session.interceptor.d.ts
1508	./lib/lantern-track.directive.d.ts
2126	./lib/lantern.config.d.ts
1500	./lib/lantern.module.d.ts
2392	./lib/lantern.service.d.ts
1424	./lib/lantern.vendor.d.ts
1566	./package.json
297	./public-api.d.ts
