
     _                      _                 ____ _     ___
    / \   _ __   __ _ _   _| | __ _ _ __     / ___| |   |_ _|
   / △ \ | '_ \ / _` | | | | |/ _` | '__|   | |   | |    | |
  / ___ \| | | | (_| | |_| | | (_| | |      | |___| |___ | |
 /_/   \_\_| |_|\__, |\__,_|_|\__,_|_|       \____|_____|___|
                |___/
    

Angular CLI: 15.2.11
Node: 16.20.2
Package Manager: npm 8.19.4
OS: linux x64

Angular: 15.2.10
... animations, common, compiler, compiler-cli, core, forms
... platform-browser, platform-browser-dynamic, router

Package                         Version
---------------------------------------------------------
@angular-devkit/architect       0.1502.11
@angular-devkit/build-angular   15.2.11
@angular-devkit/core            15.2.11
@angular-devkit/schematics      15.2.11
@angular/cli                    15.2.11
@schematics/angular             15.2.11
ng-packagr                      15.2.2
rxjs                            7.8.1
typescript                      4.9.5
    
