# npm audit report

@angular/common  <=19.2.25
Severity: high
Depends on vulnerable versions of @angular/core
Angular is Vulnerable to XSRF Token Leakage via Protocol-Relative URLs in Angular HTTP Client - https://github.com/advisories/GHSA-58c5-g7wp-6w37
@angular/common: Denial of Service (DoS) via OOM in Date Formatting (formatDate) - https://github.com/advisories/GHSA-48r7-hpm6-gfxm
@angular/common: Weak 32-Bit Cache Key Hashing in `HttpTransferCache` Leading to Cross-Request Data Leakage and State Poisoning - https://github.com/advisories/GHSA-39pv-4j6c-2g6v
@angular/common: Denial of Service (DoS) via OOM in Number Formatting (digitsInfo) - https://github.com/advisories/GHSA-p3vc-36g9-x9gr
@angular/common: Information Leak via Default Caching of Credentialed Requests in HttpTransferCache - https://github.com/advisories/GHSA-q6f4-qqrg-jv6x
Angular: Cache-Key Ambiguity in HttpTransferCache Leading to Cross-Request Response Reuse and State Poisoning - https://github.com/advisories/GHSA-jhpw-976m-542j
fix available via `npm audit fix --force`
Will install @angular/common@22.1.6, which is a breaking change
node_modules/@angular/common
  @angular/forms  <=19.2.15
  Depends on vulnerable versions of @angular/common
  Depends on vulnerable versions of @angular/core
  Depends on vulnerable versions of @angular/platform-browser
  node_modules/@angular/forms
  @angular/platform-browser  <=19.2.15
  Depends on vulnerable versions of @angular/animations
  Depends on vulnerable versions of @angular/common
  Depends on vulnerable versions of @angular/core
  node_modules/@angular/platform-browser
  @angular/platform-browser-dynamic  <=19.2.15
  Depends on vulnerable versions of @angular/common
  Depends on vulnerable versions of @angular/compiler
  Depends on vulnerable versions of @angular/core
  Depends on vulnerable versions of @angular/platform-browser
  node_modules/@angular/platform-browser-dynamic
  @angular/router  <=0.0.0-ROUTERPLACEHOLDER || 2.0.0-rc.0 - 19.2.15
  Depends on vulnerable versions of @angular/common
  Depends on vulnerable versions of @angular/core
  Depends on vulnerable versions of @angular/platform-browser
  node_modules/@angular/router

@angular/compiler  <=19.2.25
Severity: high
Depends on vulnerable versions of @angular/core
Angular has XSS Vulnerability via Unsanitized SVG Script Attributes - https://github.com/advisories/GHSA-jrmj-c5cx-3cw6
Angular Stored XSS Vulnerability via SVG Animation, SVG URL and MathML Attributes - https://github.com/advisories/GHSA-v4hv-rgfq-gp49
@angular/compiler: Two-Way Property Binding Sanitization Bypass (XSS) - https://github.com/advisories/GHSA-58w9-8g37-x9v5
Angular: Template and Attribute Namespace Sanitization Bypass (XSS) - https://github.com/advisories/GHSA-f3m7-gqxr-g87x
Angular i18n: Cross-Site Scripting (XSS) via event-handler attributes - https://github.com/advisories/GHSA-jj27-h5hq-8x99
fix available via `npm audit fix --force`
Will install @angular/compiler@22.1.6, which is a breaking change
node_modules/@angular/compiler
  @angular/compiler-cli  <=20.3.25 || 21.0.0-next.0 - 21.2.17 || 22.0.0-next.0 - 22.0.2
  Depends on vulnerable versions of @angular/compiler
  Depends on vulnerable versions of @babel/core
  node_modules/@angular/compiler-cli
    @angular-devkit/build-angular  <=20.3.35 || 21.0.0-next.0 - 21.2.22 || 22.0.0-next.0 - 22.1.6
    Depends on vulnerable versions of @angular-devkit/architect
    Depends on vulnerable versions of @angular-devkit/build-webpack
    Depends on vulnerable versions of @angular-devkit/core
    Depends on vulnerable versions of @angular/compiler-cli
    Depends on vulnerable versions of @babel/core
    Depends on vulnerable versions of @babel/runtime
    Depends on vulnerable versions of @ngtools/webpack
    Depends on vulnerable versions of browserslist
    Depends on vulnerable versions of cacache
    Depends on vulnerable versions of copy-webpack-plugin
    Depends on vulnerable versions of esbuild
    Depends on vulnerable versions of inquirer
    Depends on vulnerable versions of less
    Depends on vulnerable versions of ng-packagr
    Depends on vulnerable versions of piscina
    Depends on vulnerable versions of postcss
    Depends on vulnerable versions of webpack
    Depends on vulnerable versions of webpack-dev-server
    node_modules/@angular-devkit/build-angular
    @ngtools/webpack  <=1.2.13 || 7.0.0-beta.0 - 18.2.21
    Depends on vulnerable versions of @angular/compiler-cli
    node_modules/@ngtools/webpack
    ng-packagr  1.6.0-rc.0 || 2.0.0-rc.0 - 19.2.0-next.2
    Depends on vulnerable versions of @angular/compiler-cli
    Depends on vulnerable versions of cacache
    Depends on vulnerable versions of esbuild
    Depends on vulnerable versions of piscina
    node_modules/ng-packagr

@angular/core  <=19.2.25
Severity: high
Angular i18n vulnerable to Cross-Site Scripting - https://github.com/advisories/GHSA-prjf-86w9-mfqv
Angular has XSS Vulnerability via Unsanitized SVG Script Attributes - https://github.com/advisories/GHSA-jrmj-c5cx-3cw6
Angular: Template and Attribute Namespace Sanitization Bypass (XSS) - https://github.com/advisories/GHSA-f3m7-gqxr-g87x
@angular/core: Angular Template and Dynamic Component Namespace Bypass leading to Cross-Site Scripting (XSS) - https://github.com/advisories/GHSA-692r-grfm-v8x7
Angular Client Hydration DOM Clobbering & Response-Cache Poisoning - https://github.com/advisories/GHSA-rgjc-h3x7-9mwg
Angular i18n: Cross-Site Scripting (XSS) via event-handler attributes - https://github.com/advisories/GHSA-jj27-h5hq-8x99
fix available via `npm audit fix --force`
Will install @angular/core@22.1.6, which is a breaking change
node_modules/@angular/core
  @angular/animations  <=18.2.14
  Depends on vulnerable versions of @angular/core
  node_modules/@angular/animations

@babel/core  <=7.29.0
@babel/core: Arbitrary File Read via sourceMappingURL Comment - https://github.com/advisories/GHSA-4x5r-pxfx-6jf8
fix available via `npm audit fix --force`
Will install @angular/compiler-cli@22.1.6, which is a breaking change
node_modules/@angular/compiler-cli/node_modules/@babel/core
node_modules/@babel/core

@babel/runtime  <7.26.10
Severity: moderate
Babel has inefficient RegExp complexity in generated code with .replace when transpiling named capturing groups - https://github.com/advisories/GHSA-968p-4wvh-cqc8
fix available via `npm audit fix --force`
Will install @angular-devkit/build-angular@22.1.7, which is a breaking change
node_modules/@babel/runtime

ajv  7.0.0-alpha.0 - 8.17.1
Severity: moderate
ajv has ReDoS when using `$data` option - https://github.com/advisories/GHSA-2g4f-4pwh-qvx6
fix available via `npm audit fix --force`
Will install @angular-devkit/build-angular@22.1.7, which is a breaking change
node_modules/ajv
  @angular-devkit/core  12.0.0-next.0 - 19.2.21 || 20.0.0-next.0 - 20.3.17 || 21.0.0-next.0 - 21.1.4 || 21.2.0-next.0 - 21.2.0-rc.2
  Depends on vulnerable versions of ajv
  node_modules/@angular-devkit/core
    @angular-devkit/architect  0.1000.0-next.0 - 0.1000.0-rc.1 || 0.1200.0-next.0 - 0.1902.21 || 0.2000.0-next.0 - 0.2003.17 || 0.2100.0-next.0 - 0.2101.4 || 0.2102.0-next.0 - 0.2102.0-rc.2
    Depends on vulnerable versions of @angular-devkit/core
    node_modules/@angular-devkit/architect
      @angular-devkit/build-webpack  <=0.1902.21 || 0.2000.0-next.0 - 0.2003.17 || 0.2100.0-next.0 - 0.2101.4 || 0.2102.0-next.0 - 0.2102.0-rc.2
      Depends on vulnerable versions of @angular-devkit/architect
      Depends on vulnerable versions of webpack-dev-server
      node_modules/@angular-devkit/build-webpack
    @angular-devkit/schematics  12.0.0-next.0 - 19.2.21 || 20.0.0-next.0 - 20.3.17 || 21.0.0-next.0 - 21.1.4 || 21.2.0-next.0 - 21.2.0-rc.2
    Depends on vulnerable versions of @angular-devkit/core
    node_modules/@angular-devkit/schematics
    @angular/cli  <=1.4.0-rc.2 || 7.0.0-beta.0 - 20.3.28 || 21.0.0-next.0 - 21.2.15 || 22.0.0-next.0 - 22.0.1 || 22.1.0-next.0 - 22.1.0-rc.0
    Depends on vulnerable versions of @angular-devkit/architect
    Depends on vulnerable versions of @angular-devkit/core
    Depends on vulnerable versions of @angular-devkit/schematics
    Depends on vulnerable versions of @schematics/angular
    Depends on vulnerable versions of inquirer
    Depends on vulnerable versions of pacote
    node_modules/@angular/cli
      @angular-eslint/schematics  4.0.1-alpha.0 - 18.0.0-alpha.16
      Depends on vulnerable versions of @angular/cli
      Depends on vulnerable versions of tmp
      node_modules/@angular-eslint/schematics
    @schematics/angular  12.0.0-next.0 - 19.2.21 || 20.0.0-next.0 - 20.3.17 || 21.0.0-next.0 - 21.1.4 || 21.2.0-next.0 - 21.2.0-rc.2
    Depends on vulnerable versions of @angular-devkit/core
    Depends on vulnerable versions of @angular-devkit/schematics
    node_modules/@schematics/angular

browserslist  <=4.28.6
Severity: high
Browserslist: Unbounded memory growth (no cache eviction) via distinct query results, leading to eventual OOM - https://github.com/advisories/GHSA-c83g-rgw3-j3cx
Browserslist: Uncaught crash / prototype write via untrusted browserslist-stats.json custom stats (normalizeStats) - https://github.com/advisories/GHSA-73wf-gq98-2v4g
fix available via `npm audit fix --force`
Will install @angular-devkit/build-angular@22.1.7, which is a breaking change
node_modules/browserslist

esbuild  <=0.24.2
Severity: moderate
esbuild enables any website to send any requests to the development server and read the response - https://github.com/advisories/GHSA-67mh-4wv8-2f99
fix available via `npm audit fix --force`
Will install @angular-devkit/build-angular@22.1.7, which is a breaking change
node_modules/esbuild

image-size  *
Severity: high
image-size: ICNS parser allows denial of service through an infinite loop - https://github.com/advisories/GHSA-w3rx-r6r6-pgpr
image-size: JXL and HEIF parsers allow denial of service through infinite loops - https://github.com/advisories/GHSA-5p2g-fcmc-qvqq
fix available via `npm audit fix --force`
Will install @angular-devkit/build-angular@22.1.7, which is a breaking change
node_modules/image-size
  less  2.2.0 - 4.6.7
  Depends on vulnerable versions of image-size
  node_modules/less

pacote  5.0.0 - 21.5.0
Severity: high
Depends on vulnerable versions of @npmcli/run-script
pacote is vulnerable to Denial of Service (DoS) via the addGitSha function - https://github.com/advisories/GHSA-w4pp-8pjf-rmxw
Depends on vulnerable versions of cacache
Depends on vulnerable versions of npm-registry-fetch
Depends on vulnerable versions of sigstore
Depends on vulnerable versions of tar
fix available via `npm audit fix --force`
Will install @angular/cli@22.1.7, which is a breaking change
node_modules/pacote

piscina  <=4.9.2
Severity: high
piscina: Prototype Pollution Gadget → RCE via inherited options.filename - https://github.com/advisories/GHSA-x9g3-xrwr-cwfg
fix available via `npm audit fix --force`
Will install @angular-devkit/build-angular@22.1.7, which is a breaking change
node_modules/piscina

postcss  <=8.5.22
Severity: high
PostCSS has XSS via Unescaped </style> in its CSS Stringify Output - https://github.com/advisories/GHSA-qx2v-qp2m-jg93
PostCSS: Arbitrary file read and information disclosure via attacker-controlled sourceMappingURL in CSS comments - https://github.com/advisories/GHSA-6g55-p6wh-862q
PostCSS: incomplete fix of GHSA-6g55-p6wh-862q — attacker-controlled sourceMappingURL reads arbitrary .map files when `from` is unset - https://github.com/advisories/GHSA-fxqj-rqcc-2cmp
PostCSS: Path Traversal in Previous Source Map Auto-Loading (sourceMappingURL) leads to Arbitrary .map File Disclosure - https://github.com/advisories/GHSA-r28c-9q8g-f849
fix available via `npm audit fix --force`
Will install @angular-devkit/build-angular@22.1.7, which is a breaking change
node_modules/postcss

qs  2.2.5 - 6.15.3
Severity: moderate
qs array-limit bypass via bracket-key comma parsing - https://github.com/advisories/GHSA-x5fp-wj9c-mxmx
qs: Denial of Service via Attacker Controlled isBuffer - https://github.com/advisories/GHSA-4mjr-xmp4-gh2g
fix available via `npm audit fix`
node_modules/express/node_modules/qs
  express  4.22.2
  Depends on vulnerable versions of qs
  node_modules/express

serialize-javascript  <=7.0.4
Severity: high
Serialize JavaScript is Vulnerable to RCE via RegExp.flags and Date.prototype.toISOString() - https://github.com/advisories/GHSA-5c6j-r48x-rmvq
Serialize JavaScript has CPU Exhaustion Denial of Service via crafted array-like objects - https://github.com/advisories/GHSA-qj8w-gfj5-8c6v
fix available via `npm audit fix --force`
Will install @angular-devkit/build-angular@22.1.7, which is a breaking change
node_modules/serialize-javascript
  copy-webpack-plugin  6.1.1 - 13.0.1
  Depends on vulnerable versions of serialize-javascript
  node_modules/copy-webpack-plugin

sigstore  <=4.1.0
Severity: high
Depends on vulnerable versions of @sigstore/sign
Depends on vulnerable versions of @sigstore/tuf
sigstore's `certificateOIDs` verification constraints are silently dropped and never enforced - https://github.com/advisories/GHSA-52v5-jr5w-gjxr
Depends on vulnerable versions of make-fetch-happen
fix available via `npm audit fix --force`
Will install @angular/cli@22.1.7, which is a breaking change
node_modules/sigstore

tar  <=7.5.20
Severity: critical
node-tar Vulnerable to Arbitrary File Creation/Overwrite via Hardlink Path Traversal - https://github.com/advisories/GHSA-34x7-hfp2-rc4v
node-tar is Vulnerable to Arbitrary File Overwrite and Symlink Poisoning via Insufficient Path Sanitization - https://github.com/advisories/GHSA-8qq5-rm4j-mr97
Arbitrary File Read/Write via Hardlink Target Escape Through Symlink Chain in node-tar Extraction - https://github.com/advisories/GHSA-83g3-92jg-28cx
tar has Hardlink Path Traversal via Drive-Relative Linkpath - https://github.com/advisories/GHSA-qffp-2rhf-9h96
node-tar Symlink Path Traversal via Drive-Relative Linkpath - https://github.com/advisories/GHSA-9ppj-qmqm-q256
Race Condition in node-tar Path Reservations via Unicode Ligature Collisions on macOS APFS - https://github.com/advisories/GHSA-r6q2-hw4h-h46w
node-tar applies PAX size override to intermediary GNU long-name/long-link headers, causing tar parser interpretation differential (file smuggling) - https://github.com/advisories/GHSA-vmf3-w455-68vh
node-tar: Process crash via PAX numeric path type confusion - https://github.com/advisories/GHSA-w8wr-v893-vjvp
node-tar: Decompression/parse DoS via unlimited input - https://github.com/advisories/GHSA-23hp-3jrh-7fpw
node-tar: Negative tar entry size causes infinite loop in archive replace - https://github.com/advisories/GHSA-8x88-c5mf-7j5w
node-tar: Uncaught Exception DoS via NUL byte in PAX path/linkpath records - https://github.com/advisories/GHSA-gvwx-54wh-qm9j
node-tar: Uncontrolled recursion in mapHas/filesFilter allows uncatchable stack-overflow DoS via crafted long-path tar with member selection - https://github.com/advisories/GHSA-r292-9mhp-454m
fix available via `npm audit fix --force`
Will install @angular/cli@22.1.7, which is a breaking change
node_modules/tar
  cacache  14.0.0 - 18.0.4
  Depends on vulnerable versions of tar
  node_modules/cacache
  node_modules/make-fetch-happen/node_modules/cacache
    make-fetch-happen  7.1.1 - 14.0.0
    Depends on vulnerable versions of cacache
    node_modules/@sigstore/sign/node_modules/make-fetch-happen
    node_modules/make-fetch-happen
    node_modules/npm-registry-fetch/node_modules/make-fetch-happen
    node_modules/sigstore/node_modules/make-fetch-happen
    node_modules/tuf-js/node_modules/make-fetch-happen
      @sigstore/sign  <=2.3.2
      Depends on vulnerable versions of make-fetch-happen
      node_modules/@sigstore/sign
      node-gyp  <=10.3.1
      Depends on vulnerable versions of make-fetch-happen
      Depends on vulnerable versions of tar
      node_modules/node-gyp
        @npmcli/run-script  1.1.1 - 9.0.1
        Depends on vulnerable versions of node-gyp
        node_modules/@npmcli/run-script
      npm-registry-fetch  7.0.0 - 18.0.0
      Depends on vulnerable versions of make-fetch-happen
      node_modules/npm-registry-fetch
      tuf-js  <=2.2.1
      Depends on vulnerable versions of make-fetch-happen
      node_modules/tuf-js
        @sigstore/tuf  <=2.3.4
        Depends on vulnerable versions of tuf-js
        node_modules/@sigstore/tuf

tmp  <=0.2.5
Severity: high
tmp allows arbitrary temporary file / directory write via symbolic link `dir` parameter - https://github.com/advisories/GHSA-52f5-9888-hmc6
tmp has Path Traversal via unsanitized prefix/postfix that enables directory escape - https://github.com/advisories/GHSA-ph9p-34f9-6g65
fix available via `npm audit fix --force`
Will install @angular-eslint/schematics@22.5.0, which is a breaking change
node_modules/external-editor/node_modules/tmp
node_modules/tmp
  external-editor  >=1.1.1
  Depends on vulnerable versions of tmp
  node_modules/external-editor
    inquirer  3.0.0 - 8.2.6 || 9.0.0 - 9.3.7
    Depends on vulnerable versions of external-editor
    node_modules/inquirer

uuid  <11.1.1
Severity: moderate
uuid: Missing buffer bounds check in v3/v5/v6 when buf is provided - https://github.com/advisories/GHSA-w5hq-g745-h8pq
fix available via `npm audit fix --force`
Will install @angular-devkit/build-angular@22.1.7, which is a breaking change
node_modules/uuid
  sockjs  >=0.3.17
  Depends on vulnerable versions of uuid
  node_modules/sockjs
    webpack-dev-server  <=5.2.6
    Depends on vulnerable versions of sockjs
    node_modules/webpack-dev-server

webpack  5.0.0-alpha.0 - 5.104.0
Severity: moderate
Webpack's AutoPublicPathRuntimeModule has a DOM Clobbering Gadget that leads to XSS - https://github.com/advisories/GHSA-4vvj-4cpr-p986
webpack buildHttp: allowedUris allow-list bypass via URL userinfo (@) leading to build-time SSRF behavior - https://github.com/advisories/GHSA-8fgc-7cc6-rx7x
webpack buildHttp HttpUriPlugin allowedUris bypass via HTTP redirects → SSRF + cache persistence - https://github.com/advisories/GHSA-38r7-794h-5758
fix available via `npm audit fix --force`
Will install @angular-devkit/build-angular@22.1.7, which is a breaking change
node_modules/webpack


50 vulnerabilities (3 low, 15 moderate, 31 high, 1 critical)

To address issues that do not require attention, run:
  npm audit fix

To address all issues (including breaking changes), run:
  npm audit fix --force
exit=1
