# /home/ubuntu/retail-web-lantern3 (detached scratch worktree of northgate-retail-web) - installed @northgate/lantern-sdk
{
  "name": "@northgate/lantern-sdk",
  "version": "3.0.0",
  "peerDependencies": {
    "@angular/common": ">=13.0.0 <14.0.0",
    "@angular/core": ">=13.0.0 <14.0.0",
    "@angular/router": ">=13.0.0 <14.0.0",
    "rxjs": ">=6.5.0 <7.0.0"
  },
  "ngcc": null
}
# manifest pin in scratch package.json:
42:    "@northgate/lantern-sdk": "3.0.0",
# ls node_modules/@northgate/lantern-sdk
esm2020
fesm2015
fesm2020
lib
node_modules
northgate-lantern-sdk.d.ts
package.json
public-api.d.ts
# bundle markers
# bundle markers in /home/ubuntu/retail-web-lantern3/dist/retail-web/en-US/main.*.js
      1 "3.0.0"
data-lantern-sdk occurrences: 2
ngDeclare (partial Ivy linked away) occurrences: 0
main bundle bytes: 1860256
