# scratch Angular 15.2 host at /home/ubuntu/scratch-lantern-host15 (ng new 15.2.11, pins set to 15.2.10 / rxjs 7.5.7 / zone.js 0.12.0 / TS 4.9.5); node v16.20.2 npm 8.19.4
$ npm install --no-audit --no-fund
npm WARN EBADENGINE Unsupported engine {
npm WARN EBADENGINE   package: 'node-releases@2.0.55',
npm WARN EBADENGINE   required: { node: '>=18' },
npm WARN EBADENGINE   current: { node: 'v16.20.2', npm: '8.19.4' }
npm WARN EBADENGINE }
npm WARN deprecated inflight@1.0.6: This module is not supported, and leaks memory. Do not use it. Check out lru-cache if you want a good and tested way to coalesce async requests by a key value, which is much more comprehensive and powerful.
npm WARN deprecated @npmcli/move-file@2.0.1: This functionality has been moved to @npmcli/fs
npm WARN deprecated read-package-json@6.0.4: This package is no longer supported. Please use @npmcli/package-json instead.
npm WARN deprecated @babel/plugin-proposal-unicode-property-regex@7.18.6: This proposal has been merged to the ECMAScript standard and thus this plugin is no longer maintained. Please use @babel/plugin-transform-unicode-property-regex instead.
npm WARN deprecated @babel/plugin-proposal-private-methods@7.18.6: This proposal has been merged to the ECMAScript standard and thus this plugin is no longer maintained. Please use @babel/plugin-transform-private-methods instead.
npm WARN deprecated @babel/plugin-proposal-optional-catch-binding@7.18.6: This proposal has been merged to the ECMAScript standard and thus this plugin is no longer maintained. Please use @babel/plugin-transform-optional-catch-binding instead.
npm WARN deprecated @babel/plugin-proposal-numeric-separator@7.18.6: This proposal has been merged to the ECMAScript standard and thus this plugin is no longer maintained. Please use @babel/plugin-transform-numeric-separator instead.
npm WARN deprecated @babel/plugin-proposal-nullish-coalescing-operator@7.18.6: This proposal has been merged to the ECMAScript standard and thus this plugin is no longer maintained. Please use @babel/plugin-transform-nullish-coalescing-operator instead.
npm WARN deprecated @babel/plugin-proposal-json-strings@7.18.6: This proposal has been merged to the ECMAScript standard and thus this plugin is no longer maintained. Please use @babel/plugin-transform-json-strings instead.
npm WARN deprecated @babel/plugin-proposal-export-namespace-from@7.18.9: This proposal has been merged to the ECMAScript standard and thus this plugin is no longer maintained. Please use @babel/plugin-transform-export-namespace-from instead.
npm WARN deprecated @babel/plugin-proposal-dynamic-import@7.18.6: This proposal has been merged to the ECMAScript standard and thus this plugin is no longer maintained. Please use @babel/plugin-transform-dynamic-import instead.
npm WARN deprecated @babel/plugin-proposal-class-properties@7.18.6: This proposal has been merged to the ECMAScript standard and thus this plugin is no longer maintained. Please use @babel/plugin-transform-class-properties instead.
npm WARN deprecated npmlog@6.0.2: This package is no longer supported.
npm WARN deprecated @babel/plugin-proposal-logical-assignment-operators@7.20.7: This proposal has been merged to the ECMAScript standard and thus this plugin is no longer maintained. Please use @babel/plugin-transform-logical-assignment-operators instead.
npm WARN deprecated @babel/plugin-proposal-class-static-block@7.21.0: This proposal has been merged to the ECMAScript standard and thus this plugin is no longer maintained. Please use @babel/plugin-transform-class-static-block instead.
npm WARN deprecated abab@2.0.6: Use your platform's native atob() and btoa() methods instead
npm WARN deprecated rimraf@3.0.2: Rimraf versions prior to v4 are no longer supported
npm WARN deprecated @babel/plugin-proposal-private-property-in-object@7.21.11: This proposal has been merged to the ECMAScript standard and thus this plugin is no longer maintained. Please use @babel/plugin-transform-private-property-in-object instead.
npm WARN deprecated @babel/plugin-proposal-optional-chaining@7.21.0: This proposal has been merged to the ECMAScript standard and thus this plugin is no longer maintained. Please use @babel/plugin-transform-optional-chaining instead.
npm WARN deprecated @babel/plugin-proposal-async-generator-functions@7.20.7: This proposal has been merged to the ECMAScript standard and thus this plugin is no longer maintained. Please use @babel/plugin-transform-async-generator-functions instead.
npm WARN deprecated acorn-import-assertions@1.9.0: package has been renamed to acorn-import-attributes
npm WARN deprecated are-we-there-yet@3.0.1: This package is no longer supported.
npm WARN deprecated glob@8.1.0: Old versions of glob are not supported, and contain widely publicized security vulnerabilities, which have been fixed in the current version. Please update. Support for old versions may be purchased (at exorbitant rates) by contacting i@izs.me
npm WARN deprecated glob@7.2.3: Old versions of glob are not supported, and contain widely publicized security vulnerabilities, which have been fixed in the current version. Please update. Support for old versions may be purchased (at exorbitant rates) by contacting i@izs.me
npm WARN deprecated glob@7.2.3: Old versions of glob are not supported, and contain widely publicized security vulnerabilities, which have been fixed in the current version. Please update. Support for old versions may be purchased (at exorbitant rates) by contacting i@izs.me
npm WARN deprecated glob@7.2.3: Old versions of glob are not supported, and contain widely publicized security vulnerabilities, which have been fixed in the current version. Please update. Support for old versions may be purchased (at exorbitant rates) by contacting i@izs.me
npm WARN deprecated glob@7.2.3: Old versions of glob are not supported, and contain widely publicized security vulnerabilities, which have been fixed in the current version. Please update. Support for old versions may be purchased (at exorbitant rates) by contacting i@izs.me
npm WARN deprecated @babel/plugin-proposal-object-rest-spread@7.20.7: This proposal has been merged to the ECMAScript standard and thus this plugin is no longer maintained. Please use @babel/plugin-transform-object-rest-spread instead.
npm WARN deprecated gauge@4.0.4: This package is no longer supported.
npm WARN deprecated tar@6.2.1: Old versions of tar are not supported, and contain widely publicized security vulnerabilities, which have been fixed in the current version. Please update. Support for old versions may be purchased (at exorbitant rates) by contacting i@izs.me
npm WARN deprecated uuid@8.3.2: uuid@10 and below is no longer supported.  For ESM codebases, update to uuid@latest.  For CommonJS codebases, use uuid@11 (but be aware this version will likely be deprecated in 2028).
npm WARN deprecated glob@10.5.0: Old versions of glob are not supported, and contain widely publicized security vulnerabilities, which have been fixed in the current version. Please update. Support for old versions may be purchased (at exorbitant rates) by contacting i@izs.me

added 939 packages in 11s
exit=0

$ npm install @northgate/lantern-sdk@5.0.0 --registry http://localhost:4873 --no-audit --no-fund
npm WARN EBADENGINE Unsupported engine {
npm WARN EBADENGINE   package: 'node-releases@2.0.55',
npm WARN EBADENGINE   required: { node: '>=18' },
npm WARN EBADENGINE   current: { node: 'v16.20.2', npm: '8.19.4' }
npm WARN EBADENGINE }

added 2 packages in 2s
exit=0

$ npm ls @northgate/lantern-sdk @angular/core @angular/common @angular/router rxjs zone.js typescript
lantern-host15@0.0.0 /home/ubuntu/scratch-lantern-host15
├─┬ @angular-devkit/build-angular@15.2.11
│ ├─┬ @angular-devkit/architect@0.1502.11
│ │ └── rxjs@6.6.7
│ ├─┬ @angular-devkit/build-webpack@0.1502.11
│ │ └── rxjs@6.6.7
│ ├─┬ @angular-devkit/core@15.2.11
│ │ └── rxjs@6.6.7
│ ├─┬ @ngtools/webpack@15.2.11
│ │ └── typescript@4.9.5 deduped
│ ├─┬ inquirer@8.2.4
│ │ └── rxjs@7.5.7 deduped
│ ├── rxjs@6.6.7
│ └── typescript@4.9.5 deduped
├─┬ @angular/animations@15.2.10
│ └── @angular/core@15.2.10 deduped
├─┬ @angular/cli@15.2.11
│ └─┬ @angular-devkit/schematics@15.2.11
│   └── rxjs@6.6.7
├─┬ @angular/common@15.2.10
│ ├── @angular/core@15.2.10 deduped
│ └── rxjs@7.5.7 deduped
├─┬ @angular/compiler-cli@15.2.10
│ └── typescript@4.9.5 deduped
├─┬ @angular/compiler@15.2.10
│ └── @angular/core@15.2.10 deduped
├─┬ @angular/core@15.2.10
│ ├── rxjs@7.5.7 deduped
│ └── zone.js@0.12.0 deduped
├─┬ @angular/forms@15.2.10
│ ├── @angular/common@15.2.10 deduped
│ ├── @angular/core@15.2.10 deduped
│ └── rxjs@7.5.7 deduped
├─┬ @angular/platform-browser-dynamic@15.2.10
│ ├── @angular/common@15.2.10 deduped
│ └── @angular/core@15.2.10 deduped
├─┬ @angular/platform-browser@15.2.10
│ ├── @angular/common@15.2.10 deduped
│ └── @angular/core@15.2.10 deduped
├─┬ @angular/router@15.2.10
│ ├── @angular/common@15.2.10 deduped
│ ├── @angular/core@15.2.10 deduped
│ └── rxjs@7.5.7 deduped
├─┬ @northgate/lantern-sdk@5.0.0
│ ├── @angular/common@15.2.10 deduped
│ ├── @angular/core@15.2.10 deduped
│ ├── @angular/router@15.2.10 deduped
│ └── rxjs@7.5.7 deduped
├── rxjs@7.5.7
├── typescript@4.9.5
└── zone.js@0.12.0

exit=0

$ grep resolved lockfile entry
    "node_modules/@northgate/lantern-sdk": {
      "version": "5.0.0",
      "resolved": "http://localhost:4873/@northgate/lantern-sdk/-/lantern-sdk-5.0.0.tgz",
