$ npx -y @angular/cli@15.2.11 new lantern-host15 --routing --style=css --skip-git --skip-install --package-manager=npm  (node v16.20.2, npm 8.19.4)
npm WARN deprecated inflight@1.0.6: This module is not supported, and leaks memory. Do not use it. Check out lru-cache if you want a good and tested way to coalesce async requests by a key value, which is much more comprehensive and powerful.
npm WARN deprecated @npmcli/move-file@2.0.1: This functionality has been moved to @npmcli/fs
npm WARN deprecated read-package-json@6.0.4: This package is no longer supported. Please use @npmcli/package-json instead.
npm WARN deprecated npmlog@6.0.2: This package is no longer supported.
npm WARN deprecated rimraf@3.0.2: Rimraf versions prior to v4 are no longer supported
npm WARN deprecated are-we-there-yet@3.0.1: This package is no longer supported.
npm WARN deprecated glob@7.2.3: Old versions of glob are not supported, and contain widely publicized security vulnerabilities, which have been fixed in the current version. Please update. Support for old versions may be purchased (at exorbitant rates) by contacting i@izs.me
npm WARN deprecated glob@8.1.0: Old versions of glob are not supported, and contain widely publicized security vulnerabilities, which have been fixed in the current version. Please update. Support for old versions may be purchased (at exorbitant rates) by contacting i@izs.me
npm WARN deprecated glob@7.2.3: Old versions of glob are not supported, and contain widely publicized security vulnerabilities, which have been fixed in the current version. Please update. Support for old versions may be purchased (at exorbitant rates) by contacting i@izs.me
npm WARN deprecated gauge@4.0.4: This package is no longer supported.
npm WARN deprecated tar@6.2.1: Old versions of tar are not supported, and contain widely publicized security vulnerabilities, which have been fixed in the current version. Please update. Support for old versions may be purchased (at exorbitant rates) by contacting i@izs.me
npm WARN deprecated glob@10.5.0: Old versions of glob are not supported, and contain widely publicized security vulnerabilities, which have been fixed in the current version. Please update. Support for old versions may be purchased (at exorbitant rates) by contacting i@izs.me
CREATE lantern-host15/README.md (1068 bytes)
CREATE lantern-host15/.editorconfig (274 bytes)
CREATE lantern-host15/.gitignore (548 bytes)
CREATE lantern-host15/angular.json (2784 bytes)
CREATE lantern-host15/package.json (1047 bytes)
CREATE lantern-host15/tsconfig.json (901 bytes)
CREATE lantern-host15/tsconfig.app.json (263 bytes)
CREATE lantern-host15/tsconfig.spec.json (273 bytes)
CREATE lantern-host15/.vscode/extensions.json (130 bytes)
CREATE lantern-host15/.vscode/launch.json (470 bytes)
CREATE lantern-host15/.vscode/tasks.json (938 bytes)
CREATE lantern-host15/src/favicon.ico (948 bytes)
CREATE lantern-host15/src/index.html (299 bytes)
CREATE lantern-host15/src/main.ts (214 bytes)
CREATE lantern-host15/src/styles.css (80 bytes)
CREATE lantern-host15/src/assets/.gitkeep (0 bytes)
CREATE lantern-host15/src/app/app-routing.module.ts (245 bytes)
CREATE lantern-host15/src/app/app.module.ts (393 bytes)
CREATE lantern-host15/src/app/app.component.css (0 bytes)
CREATE lantern-host15/src/app/app.component.html (23115 bytes)
CREATE lantern-host15/src/app/app.component.spec.ts (1097 bytes)
CREATE lantern-host15/src/app/app.component.ts (218 bytes)
exit=0
