   11461 dist/lantern-sdk/esm2020/lib/lantern-router.service.mjs
    6708 dist/lantern-sdk/esm2020/lib/lantern-session.interceptor.mjs
    8110 dist/lantern-sdk/esm2020/lib/lantern-track.directive.mjs
    4570 dist/lantern-sdk/esm2020/lib/lantern.config.mjs
    8193 dist/lantern-sdk/esm2020/lib/lantern.module.mjs
   26086 dist/lantern-sdk/esm2020/lib/lantern.service.mjs
    4251 dist/lantern-sdk/esm2020/lib/lantern.vendor.mjs
     524 dist/lantern-sdk/esm2020/northgate-lantern-sdk.mjs
    1666 dist/lantern-sdk/esm2020/public-api.mjs
   21843 dist/lantern-sdk/fesm2015/northgate-lantern-sdk.mjs
   36795 dist/lantern-sdk/fesm2015/northgate-lantern-sdk.mjs.map
   21497 dist/lantern-sdk/fesm2020/northgate-lantern-sdk.mjs
   36468 dist/lantern-sdk/fesm2020/northgate-lantern-sdk.mjs.map
    1397 dist/lantern-sdk/lib/lantern-router.service.d.ts
    1319 dist/lantern-sdk/lib/lantern-session.interceptor.d.ts
    1487 dist/lantern-sdk/lib/lantern-track.directive.d.ts
    2126 dist/lantern-sdk/lib/lantern.config.d.ts
    1500 dist/lantern-sdk/lib/lantern.module.d.ts
    2392 dist/lantern-sdk/lib/lantern.service.d.ts
    1432 dist/lantern-sdk/lib/lantern.vendor.d.ts
     127 dist/lantern-sdk/northgate-lantern-sdk.d.ts
    1633 dist/lantern-sdk/package.json
     297 dist/lantern-sdk/public-api.d.ts
exit=0
