unknown format "uuid" ignored in schema at path "#/definitions/cliOptions/properties/analyticsSharing/properties/uuid"
unknown format "uuid" ignored in schema at path "#/definitions/cliOptions/properties/analyticsSharing/properties/uuid"
unknown format "html-selector" ignored in schema at path "#/definitions/SchematicsAngularApplicationSchema/properties/prefix"
unknown format "html-selector" ignored in schema at path "#/definitions/SchematicsAngularApplicationSchema/properties/prefix"
unknown format "path" ignored in schema at path "#/definitions/SchematicsAngularClassSchema/properties/path"
unknown format "path" ignored in schema at path "#/definitions/SchematicsAngularClassSchema/properties/path"
unknown format "path" ignored in schema at path "#/definitions/SchematicsAngularComponentSchema/properties/path"
unknown format "path" ignored in schema at path "#/definitions/SchematicsAngularComponentSchema/properties/path"
unknown format "html-selector" ignored in schema at path "#/definitions/SchematicsAngularComponentSchema/properties/prefix/oneOf/1"
unknown format "html-selector" ignored in schema at path "#/definitions/SchematicsAngularComponentSchema/properties/prefix/oneOf/1"
unknown format "html-selector" ignored in schema at path "#/definitions/SchematicsAngularComponentSchema/properties/selector"
unknown format "html-selector" ignored in schema at path "#/definitions/SchematicsAngularComponentSchema/properties/selector"
unknown format "path" ignored in schema at path "#/definitions/SchematicsAngularDirectiveSchema/properties/path"
unknown format "path" ignored in schema at path "#/definitions/SchematicsAngularDirectiveSchema/properties/path"
unknown format "html-selector" ignored in schema at path "#/definitions/SchematicsAngularDirectiveSchema/properties/prefix/oneOf/1"
unknown format "html-selector" ignored in schema at path "#/definitions/SchematicsAngularDirectiveSchema/properties/prefix/oneOf/1"
unknown format "html-selector" ignored in schema at path "#/definitions/SchematicsAngularDirectiveSchema/properties/selector"
unknown format "html-selector" ignored in schema at path "#/definitions/SchematicsAngularDirectiveSchema/properties/selector"
unknown format "path" ignored in schema at path "#/definitions/SchematicsAngularEnumSchema/properties/path"
unknown format "path" ignored in schema at path "#/definitions/SchematicsAngularEnumSchema/properties/path"
unknown format "path" ignored in schema at path "#/definitions/SchematicsAngularGuardSchema/properties/path"
unknown format "path" ignored in schema at path "#/definitions/SchematicsAngularGuardSchema/properties/path"
unknown format "path" ignored in schema at path "#/definitions/SchematicsAngularInterceptorSchema/properties/path"
unknown format "path" ignored in schema at path "#/definitions/SchematicsAngularInterceptorSchema/properties/path"
unknown format "path" ignored in schema at path "#/definitions/SchematicsAngularInterfaceSchema/properties/path"
unknown format "path" ignored in schema at path "#/definitions/SchematicsAngularInterfaceSchema/properties/path"
unknown format "path" ignored in schema at path "#/definitions/SchematicsAngularLibrarySchema/properties/entryFile"
unknown format "path" ignored in schema at path "#/definitions/SchematicsAngularLibrarySchema/properties/entryFile"
unknown format "html-selector" ignored in schema at path "#/definitions/SchematicsAngularLibrarySchema/properties/prefix"
unknown format "html-selector" ignored in schema at path "#/definitions/SchematicsAngularLibrarySchema/properties/prefix"
unknown format "path" ignored in schema at path "#/definitions/SchematicsAngularPipeSchema/properties/path"
unknown format "path" ignored in schema at path "#/definitions/SchematicsAngularPipeSchema/properties/path"
unknown format "email" ignored in schema at path "#/definitions/SchematicsAngularNgNewSchema/properties/commit/oneOf/1/properties/email"
unknown format "email" ignored in schema at path "#/definitions/SchematicsAngularNgNewSchema/properties/commit/oneOf/1/properties/email"
unknown format "html-selector" ignored in schema at path "#/definitions/SchematicsAngularNgNewSchema/properties/prefix"
unknown format "html-selector" ignored in schema at path "#/definitions/SchematicsAngularNgNewSchema/properties/prefix"
unknown format "path" ignored in schema at path "#/definitions/SchematicsAngularResolverSchema/properties/path"
unknown format "path" ignored in schema at path "#/definitions/SchematicsAngularResolverSchema/properties/path"
unknown format "path" ignored in schema at path "#/definitions/SchematicsAngularWebWorkerSchema/properties/path"
unknown format "path" ignored in schema at path "#/definitions/SchematicsAngularWebWorkerSchema/properties/path"
unknown format "html-selector" ignored in schema at path "#/properties/prefix"
unknown format "html-selector" ignored in schema at path "#/properties/prefix"
angular.json against @angular/cli 14.2.13 lib/config/schema.json: VALID
exit=0
