
     _                      _                 ____ _     ___
    / \   _ __   __ _ _   _| | __ _ _ __     / ___| |   |_ _|
   / △ \ | '_ \ / _` | | | | |/ _` | '__|   | |   | |    | |
  / ___ \| | | | (_| | |_| | | (_| | |      | |___| |___ | |
 /_/   \_\_| |_|\__, |\__,_|_|\__,_|_|       \____|_____|___|
                |___/
    

Angular CLI: 14.2.13
Node: 14.21.3
Package Manager: npm 6.14.18 
OS: linux x64

Angular: 14.3.0
... animations, common, compiler, compiler-cli, core, forms
... platform-browser, platform-browser-dynamic, router

Package                         Version
---------------------------------------------------------
@angular-devkit/architect       0.1402.13
@angular-devkit/build-angular   14.2.13
@angular-devkit/core            14.2.13
@angular-devkit/schematics      14.2.13
@angular/cli                    14.2.13
@schematics/angular             14.2.13
ng-packagr                      14.2.2
rxjs                            6.6.7
typescript                      4.7.4
    
exit=0
