npm WARN deprecated eslint@8.57.1: This version is no longer supported. Please see https://eslint.org/version-support for other options.
npm WARN deprecated glob@8.0.3: Old versions of glob are not supported, and contain widely publicized security vulnerabilities, which have been fixed in the current version. Please update. Support for old versions may be purchased (at exorbitant rates) by contacting i@izs.me
npm WARN deprecated @babel/plugin-proposal-async-generator-functions@7.18.10: This proposal has been merged to the ECMAScript standard and thus this plugin is no longer maintained. Please use @babel/plugin-transform-async-generator-functions instead.
npm WARN deprecated uuid@8.3.2: uuid@10 and below is no longer supported.  For ESM codebases, update to uuid@latest.  For CommonJS codebases, use uuid@11 (but be aware this version will likely be deprecated in 2028).
npm WARN deprecated sourcemap-codec@1.4.8: Please use @jridgewell/sourcemap-codec instead
npm WARN deprecated glob@8.1.0: Old versions of glob are not supported, and contain widely publicized security vulnerabilities, which have been fixed in the current version. Please update. Support for old versions may be purchased (at exorbitant rates) by contacting i@izs.me
npm WARN deprecated glob@7.2.3: Old versions of glob are not supported, and contain widely publicized security vulnerabilities, which have been fixed in the current version. Please update. Support for old versions may be purchased (at exorbitant rates) by contacting i@izs.me
npm WARN deprecated rimraf@3.0.2: Rimraf versions prior to v4 are no longer supported
npm WARN deprecated @humanwhocodes/config-array@0.13.0: Use @eslint/config-array instead
npm WARN deprecated inflight@1.0.6: This module is not supported, and leaks memory. Do not use it. Check out lru-cache if you want a good and tested way to coalesce async requests by a key value, which is much more comprehensive and powerful.
npm WARN deprecated tar@6.2.1: Old versions of tar are not supported, and contain widely publicized security vulnerabilities, which have been fixed in the current version. Please update. Support for old versions may be purchased (at exorbitant rates) by contacting i@izs.me
npm WARN deprecated @npmcli/move-file@2.0.1: This functionality has been moved to @npmcli/fs
npm WARN deprecated acorn-import-assertions@1.9.0: package has been renamed to acorn-import-attributes
npm WARN deprecated @babel/plugin-proposal-dynamic-import@7.18.6: This proposal has been merged to the ECMAScript standard and thus this plugin is no longer maintained. Please use @babel/plugin-transform-dynamic-import instead.
npm WARN deprecated @babel/plugin-proposal-json-strings@7.18.6: This proposal has been merged to the ECMAScript standard and thus this plugin is no longer maintained. Please use @babel/plugin-transform-json-strings instead.
npm WARN deprecated @babel/plugin-proposal-private-methods@7.18.6: This proposal has been merged to the ECMAScript standard and thus this plugin is no longer maintained. Please use @babel/plugin-transform-private-methods instead.
npm WARN deprecated @babel/plugin-proposal-class-static-block@7.21.0: This proposal has been merged to the ECMAScript standard and thus this plugin is no longer maintained. Please use @babel/plugin-transform-class-static-block instead.
npm WARN deprecated @babel/plugin-proposal-object-rest-spread@7.20.7: This proposal has been merged to the ECMAScript standard and thus this plugin is no longer maintained. Please use @babel/plugin-transform-object-rest-spread instead.
npm WARN deprecated @babel/plugin-proposal-class-properties@7.18.6: This proposal has been merged to the ECMAScript standard and thus this plugin is no longer maintained. Please use @babel/plugin-transform-class-properties instead.
npm WARN deprecated @babel/plugin-proposal-export-namespace-from@7.18.9: This proposal has been merged to the ECMAScript standard and thus this plugin is no longer maintained. Please use @babel/plugin-transform-export-namespace-from instead.
npm WARN deprecated @babel/plugin-proposal-optional-catch-binding@7.18.6: This proposal has been merged to the ECMAScript standard and thus this plugin is no longer maintained. Please use @babel/plugin-transform-optional-catch-binding instead.
npm WARN deprecated @babel/plugin-proposal-numeric-separator@7.18.6: This proposal has been merged to the ECMAScript standard and thus this plugin is no longer maintained. Please use @babel/plugin-transform-numeric-separator instead.
npm WARN deprecated @babel/plugin-proposal-async-generator-functions@7.20.7: This proposal has been merged to the ECMAScript standard and thus this plugin is no longer maintained. Please use @babel/plugin-transform-async-generator-functions instead.
npm WARN deprecated @babel/plugin-proposal-private-property-in-object@7.21.11: This proposal has been merged to the ECMAScript standard and thus this plugin is no longer maintained. Please use @babel/plugin-transform-private-property-in-object instead.
npm WARN deprecated @babel/plugin-proposal-optional-chaining@7.21.0: This proposal has been merged to the ECMAScript standard and thus this plugin is no longer maintained. Please use @babel/plugin-transform-optional-chaining instead.
npm WARN deprecated @babel/plugin-proposal-nullish-coalescing-operator@7.18.6: This proposal has been merged to the ECMAScript standard and thus this plugin is no longer maintained. Please use @babel/plugin-transform-nullish-coalescing-operator instead.
npm WARN deprecated @babel/plugin-proposal-logical-assignment-operators@7.20.7: This proposal has been merged to the ECMAScript standard and thus this plugin is no longer maintained. Please use @babel/plugin-transform-logical-assignment-operators instead.
npm WARN deprecated @babel/plugin-proposal-unicode-property-regex@7.18.6: This proposal has been merged to the ECMAScript standard and thus this plugin is no longer maintained. Please use @babel/plugin-transform-unicode-property-regex instead.
npm WARN deprecated abab@2.0.6: Use your platform's native atob() and btoa() methods instead
npm WARN deprecated read-package-json@5.0.2: This package is no longer supported. Please use @npmcli/package-json instead.
npm WARN deprecated source-map-resolve@0.6.0: See https://github.com/lydell/source-map-resolve#deprecated
npm WARN deprecated @humanwhocodes/object-schema@2.0.3: Use @eslint/object-schema instead
npm WARN deprecated npmlog@6.0.2: This package is no longer supported.
npm WARN deprecated gauge@4.0.4: This package is no longer supported.
npm WARN deprecated are-we-there-yet@3.0.1: This package is no longer supported.
npm notice created a lockfile as package-lock.json. You should commit this file.
npm WARN notsup Unsupported engine for node-releases@2.0.54: wanted: {"node":">=18"} (current: {"node":"14.21.3","npm":"6.14.18"})
npm WARN notsup Not compatible with your version of node/npm: node-releases@2.0.54
npm WARN optional SKIPPING OPTIONAL DEPENDENCY: esbuild-linux-32@0.15.5 (node_modules/esbuild/node_modules/esbuild-linux-32):
npm WARN notsup SKIPPING OPTIONAL DEPENDENCY: Unsupported platform for esbuild-linux-32@0.15.5: wanted {"os":"linux","arch":"ia32"} (current: {"os":"linux","arch":"x64"})
npm WARN optional SKIPPING OPTIONAL DEPENDENCY: esbuild-sunos-64@0.15.5 (node_modules/esbuild/node_modules/esbuild-sunos-64):
npm WARN notsup SKIPPING OPTIONAL DEPENDENCY: Unsupported platform for esbuild-sunos-64@0.15.5: wanted {"os":"sunos","arch":"x64"} (current: {"os":"linux","arch":"x64"})
npm WARN optional SKIPPING OPTIONAL DEPENDENCY: esbuild-darwin-64@0.15.5 (node_modules/esbuild/node_modules/esbuild-darwin-64):
npm WARN notsup SKIPPING OPTIONAL DEPENDENCY: Unsupported platform for esbuild-darwin-64@0.15.5: wanted {"os":"darwin","arch":"x64"} (current: {"os":"linux","arch":"x64"})
npm WARN optional SKIPPING OPTIONAL DEPENDENCY: esbuild-linux-arm@0.15.5 (node_modules/esbuild/node_modules/esbuild-linux-arm):
npm WARN notsup SKIPPING OPTIONAL DEPENDENCY: Unsupported platform for esbuild-linux-arm@0.15.5: wanted {"os":"linux","arch":"arm"} (current: {"os":"linux","arch":"x64"})
npm WARN optional SKIPPING OPTIONAL DEPENDENCY: esbuild-netbsd-64@0.15.5 (node_modules/esbuild/node_modules/esbuild-netbsd-64):
npm WARN notsup SKIPPING OPTIONAL DEPENDENCY: Unsupported platform for esbuild-netbsd-64@0.15.5: wanted {"os":"netbsd","arch":"x64"} (current: {"os":"linux","arch":"x64"})
npm WARN optional SKIPPING OPTIONAL DEPENDENCY: esbuild-android-64@0.15.5 (node_modules/esbuild/node_modules/esbuild-android-64):
npm WARN notsup SKIPPING OPTIONAL DEPENDENCY: Unsupported platform for esbuild-android-64@0.15.5: wanted {"os":"android","arch":"x64"} (current: {"os":"linux","arch":"x64"})
npm WARN optional SKIPPING OPTIONAL DEPENDENCY: esbuild-freebsd-64@0.15.5 (node_modules/esbuild/node_modules/esbuild-freebsd-64):
npm WARN notsup SKIPPING OPTIONAL DEPENDENCY: Unsupported platform for esbuild-freebsd-64@0.15.5: wanted {"os":"freebsd","arch":"x64"} (current: {"os":"linux","arch":"x64"})
npm WARN optional SKIPPING OPTIONAL DEPENDENCY: esbuild-openbsd-64@0.15.5 (node_modules/esbuild/node_modules/esbuild-openbsd-64):
npm WARN notsup SKIPPING OPTIONAL DEPENDENCY: Unsupported platform for esbuild-openbsd-64@0.15.5: wanted {"os":"openbsd","arch":"x64"} (current: {"os":"linux","arch":"x64"})
npm WARN optional SKIPPING OPTIONAL DEPENDENCY: esbuild-windows-32@0.15.5 (node_modules/esbuild/node_modules/esbuild-windows-32):
npm WARN notsup SKIPPING OPTIONAL DEPENDENCY: Unsupported platform for esbuild-windows-32@0.15.5: wanted {"os":"win32","arch":"ia32"} (current: {"os":"linux","arch":"x64"})
npm WARN optional SKIPPING OPTIONAL DEPENDENCY: esbuild-windows-64@0.15.5 (node_modules/esbuild/node_modules/esbuild-windows-64):
npm WARN notsup SKIPPING OPTIONAL DEPENDENCY: Unsupported platform for esbuild-windows-64@0.15.5: wanted {"os":"win32","arch":"x64"} (current: {"os":"linux","arch":"x64"})
npm WARN optional SKIPPING OPTIONAL DEPENDENCY: esbuild-linux-arm64@0.15.5 (node_modules/esbuild/node_modules/esbuild-linux-arm64):
npm WARN notsup SKIPPING OPTIONAL DEPENDENCY: Unsupported platform for esbuild-linux-arm64@0.15.5: wanted {"os":"linux","arch":"arm64"} (current: {"os":"linux","arch":"x64"})
npm WARN optional SKIPPING OPTIONAL DEPENDENCY: esbuild-linux-s390x@0.15.5 (node_modules/esbuild/node_modules/esbuild-linux-s390x):
npm WARN notsup SKIPPING OPTIONAL DEPENDENCY: Unsupported platform for esbuild-linux-s390x@0.15.5: wanted {"os":"linux","arch":"s390x"} (current: {"os":"linux","arch":"x64"})
npm WARN optional SKIPPING OPTIONAL DEPENDENCY: esbuild-darwin-arm64@0.15.5 (node_modules/esbuild/node_modules/esbuild-darwin-arm64):
npm WARN notsup SKIPPING OPTIONAL DEPENDENCY: Unsupported platform for esbuild-darwin-arm64@0.15.5: wanted {"os":"darwin","arch":"arm64"} (current: {"os":"linux","arch":"x64"})
npm WARN optional SKIPPING OPTIONAL DEPENDENCY: esbuild-android-arm64@0.15.5 (node_modules/esbuild/node_modules/esbuild-android-arm64):
npm WARN notsup SKIPPING OPTIONAL DEPENDENCY: Unsupported platform for esbuild-android-arm64@0.15.5: wanted {"os":"android","arch":"arm64"} (current: {"os":"linux","arch":"x64"})
npm WARN optional SKIPPING OPTIONAL DEPENDENCY: esbuild-freebsd-arm64@0.15.5 (node_modules/esbuild/node_modules/esbuild-freebsd-arm64):
npm WARN notsup SKIPPING OPTIONAL DEPENDENCY: Unsupported platform for esbuild-freebsd-arm64@0.15.5: wanted {"os":"freebsd","arch":"arm64"} (current: {"os":"linux","arch":"x64"})
npm WARN optional SKIPPING OPTIONAL DEPENDENCY: esbuild-linux-ppc64le@0.15.5 (node_modules/esbuild/node_modules/esbuild-linux-ppc64le):
npm WARN notsup SKIPPING OPTIONAL DEPENDENCY: Unsupported platform for esbuild-linux-ppc64le@0.15.5: wanted {"os":"linux","arch":"ppc64"} (current: {"os":"linux","arch":"x64"})
npm WARN optional SKIPPING OPTIONAL DEPENDENCY: esbuild-linux-riscv64@0.15.5 (node_modules/esbuild/node_modules/esbuild-linux-riscv64):
npm WARN notsup SKIPPING OPTIONAL DEPENDENCY: Unsupported platform for esbuild-linux-riscv64@0.15.5: wanted {"os":"linux","arch":"riscv64"} (current: {"os":"linux","arch":"x64"})
npm WARN optional SKIPPING OPTIONAL DEPENDENCY: esbuild-windows-arm64@0.15.5 (node_modules/esbuild/node_modules/esbuild-windows-arm64):
npm WARN notsup SKIPPING OPTIONAL DEPENDENCY: Unsupported platform for esbuild-windows-arm64@0.15.5: wanted {"os":"win32","arch":"arm64"} (current: {"os":"linux","arch":"x64"})
npm WARN optional SKIPPING OPTIONAL DEPENDENCY: @esbuild/linux-loong64@0.15.5 (node_modules/esbuild/node_modules/@esbuild/linux-loong64):
npm WARN notsup SKIPPING OPTIONAL DEPENDENCY: Unsupported platform for @esbuild/linux-loong64@0.15.5: wanted {"os":"linux","arch":"loong64"} (current: {"os":"linux","arch":"x64"})
npm WARN optional SKIPPING OPTIONAL DEPENDENCY: esbuild-linux-mips64le@0.15.5 (node_modules/esbuild/node_modules/esbuild-linux-mips64le):
npm WARN notsup SKIPPING OPTIONAL DEPENDENCY: Unsupported platform for esbuild-linux-mips64le@0.15.5: wanted {"os":"linux","arch":"mips64el"} (current: {"os":"linux","arch":"x64"})
npm WARN optional SKIPPING OPTIONAL DEPENDENCY: fsevents@~2.3.2 (node_modules/chokidar/node_modules/fsevents):
npm WARN notsup SKIPPING OPTIONAL DEPENDENCY: Unsupported platform for fsevents@2.3.3: wanted {"os":"darwin","arch":"any"} (current: {"os":"linux","arch":"x64"})
npm WARN ajv-keywords@3.5.2 requires a peer of ajv@^6.9.1 but none is installed. You must install peer dependencies yourself.
npm WARN @csstools/selector-specificity@2.2.0 requires a peer of postcss-selector-parser@^6.0.10 but none is installed. You must install peer dependencies yourself.

added 1060 packages in 6.696s
exit=0
