STATE  COMPONENT          CHECK                              DETAIL
-----  ---------          -----                              ------
PASS   retail-web         no forbidden strings (worktree)    
PASS   retail-web         no forbidden strings (history)     
PASS   retail-web         no build output committed          
PASS   retail-web         exact dependency versions          
PASS   retail-web         package.json present               
PASS   retail-web         .nvmrc present                     
PASS   retail-web         lockfile committed                 
PASS   retail-web         history depth                      344 >= 180
PASS   retail-web         author spread                      17 authors
PASS   retail-web         release tags                       v2024.09.2 
PASS   retail-web         npm ci                             
PASS   retail-web         lint                               
PASS   retail-web         unit tests                         
PASS   retail-web         coverage near target               36.2% lines, target 34
PASS   retail-web         production build                   
PASS   retail-web         localised builds                   en-US and es

pass 16, fail 0, skip 0
exit=0
