11461	./esm2020/lib/lantern-router.service.mjs
6708	./esm2020/lib/lantern-session.interceptor.mjs
8110	./esm2020/lib/lantern-track.directive.mjs
4570	./esm2020/lib/lantern.config.mjs
8121	./esm2020/lib/lantern.module.mjs
26044	./esm2020/lib/lantern.service.mjs
4251	./esm2020/lib/lantern.vendor.mjs
524	./esm2020/northgate-lantern-sdk.mjs
1666	./esm2020/public-api.mjs
21837	./fesm2015/northgate-lantern-sdk.mjs
21491	./fesm2020/northgate-lantern-sdk.mjs
127	./index.d.ts
1397	./lib/lantern-router.service.d.ts
1319	./lib/lantern-session.interceptor.d.ts
1501	./lib/lantern-track.directive.d.ts
2126	./lib/lantern.config.d.ts
1500	./lib/lantern.module.d.ts
2392	./lib/lantern.service.d.ts
1432	./lib/lantern.vendor.d.ts
1601	./package.json
297	./public-api.d.ts
