lantern-sdk-workspace@4.0.0 /home/ubuntu/repos/northgate-lantern-sdk
├── @angular-devkit/build-angular@14.2.13
├── @angular-eslint/builder@14.4.0
├── @angular-eslint/eslint-plugin@14.4.0
├── @angular-eslint/eslint-plugin-template@14.4.0
├── @angular-eslint/schematics@14.4.0
├── @angular-eslint/template-parser@14.4.0
├── @angular/animations@14.3.0
├── @angular/cli@14.2.13
├── @angular/common@14.3.0
├── @angular/compiler@14.3.0
├── @angular/compiler-cli@14.3.0
├── @angular/core@14.3.0
├── @angular/forms@14.3.0
├── @angular/platform-browser@14.3.0
├── @angular/platform-browser-dynamic@14.3.0
├── @angular/router@14.3.0
├── @types/jasmine@3.8.2
├── @types/node@16.18.11
├── @typescript-eslint/eslint-plugin@5.43.0
├── @typescript-eslint/parser@5.43.0
├── eslint@8.57.1
├── jasmine-core@3.8.0
├── karma@6.3.20
├── karma-chrome-launcher@3.1.1
├── karma-coverage@2.0.3
├── karma-jasmine@4.0.2
├── karma-jasmine-html-reporter@1.7.0
├── ng-packagr@14.2.2
├── rxjs@6.6.7
├── tslib@2.3.1
├── typescript@4.7.4
└── zone.js@0.11.4

npm ERR! peer dep missing: ajv@^6.9.1, required by ajv-keywords@3.5.2
npm ERR! peer dep missing: postcss-selector-parser@^6.0.10, required by @csstools/selector-specificity@2.2.0
npm ERR! peer dep missing: postcss-selector-parser@^6.0.10, required by @csstools/selector-specificity@2.2.0
npm ERR! peer dep missing: postcss-selector-parser@^6.0.10, required by @csstools/selector-specificity@2.2.0
npm ERR! peer dep missing: ajv@^6.9.1, required by ajv-keywords@3.5.2
exit=1
