   38222 dist/lantern-sdk/bundles/northgate-lantern-sdk.umd.js
   66732 dist/lantern-sdk/bundles/northgate-lantern-sdk.umd.js.map
   10757 dist/lantern-sdk/esm2015/lib/lantern-router.service.js
    6065 dist/lantern-sdk/esm2015/lib/lantern-session.interceptor.js
    7186 dist/lantern-sdk/esm2015/lib/lantern-track.directive.js
    4570 dist/lantern-sdk/esm2015/lib/lantern.config.js
    7199 dist/lantern-sdk/esm2015/lib/lantern.module.js
   25731 dist/lantern-sdk/esm2015/lib/lantern.service.js
    4251 dist/lantern-sdk/esm2015/lib/lantern.vendor.js
     524 dist/lantern-sdk/esm2015/northgate-lantern-sdk.js
    1666 dist/lantern-sdk/esm2015/public-api.js
   18167 dist/lantern-sdk/fesm2015/northgate-lantern-sdk.js
   35337 dist/lantern-sdk/fesm2015/northgate-lantern-sdk.js.map
    1172 dist/lantern-sdk/lib/lantern-router.service.d.ts
    1105 dist/lantern-sdk/lib/lantern-session.interceptor.d.ts
    1156 dist/lantern-sdk/lib/lantern-track.directive.d.ts
    2126 dist/lantern-sdk/lib/lantern.config.d.ts
    1053 dist/lantern-sdk/lib/lantern.module.d.ts
    2194 dist/lantern-sdk/lib/lantern.service.d.ts
    1432 dist/lantern-sdk/lib/lantern.vendor.d.ts
      78 dist/lantern-sdk/northgate-lantern-sdk.d.ts
    8581 dist/lantern-sdk/northgate-lantern-sdk.metadata.json
    1253 dist/lantern-sdk/package.json
     297 dist/lantern-sdk/public-api.d.ts
exit=0
