
     _                      _                 ____ _     ___
    / \   _ __   __ _ _   _| | __ _ _ __     / ___| |   |_ _|
   / △ \ | '_ \ / _` | | | | |/ _` | '__|   | |   | |    | |
  / ___ \| | | | (_| | |_| | | (_| | |      | |___| |___ | |
 /_/   \_\_| |_|\__, |\__,_|_|\__,_|_|       \____|_____|___|
                |___/
    

Angular CLI: 12.2.18
Node: 14.21.3
Package Manager: npm 6.14.18
OS: linux x64

Angular: 12.2.17
... animations, common, compiler, compiler-cli, core, forms
... platform-browser, platform-browser-dynamic, router

Package                         Version
---------------------------------------------------------
@angular-devkit/architect       0.1202.18
@angular-devkit/build-angular   12.2.18
@angular-devkit/core            12.2.18
@angular-devkit/schematics      12.2.18
@angular/cli                    12.2.18
@schematics/angular             12.2.18
ng-packagr                      12.2.7
rxjs                            6.6.7
typescript                      4.3.5
    
exit=0
